// Jest Snapshot v1, https://goo.gl/fbAQLP

exports[`Error renders without crashing 1`] = `
<View
  pointerEvents="box-none"
  style={
    Object {
      "flex": 1,
    }
  }
>
  <View
    collapsable={true}
    pointerEvents="box-none"
    style={
      Object {
        "flex": 1,
      }
    }
  >
    <View
      style={
        Object {
          "alignItems": "center",
          "flex": 1,
          "justifyContent": "center",
        }
      }
      testId="error"
    >
      <Text>
        Oh no! Something went wrong.
      </Text>
    </View>
  </View>
</View>
`;
